0->322:A
0->127:C
0->1:G
0->72:T
1->761:A
1->988:C
1->421:G
1->2:T
2->3:A
2->1095:T
3->1247:A
3->1513:C
3->4:T
4->5:G
5->6:A
6->7:C
7->8:G
8->9:C
9->10:G
10->11:G
11->12:G
12->13:T
13->14:T
14->15:T
15->16:C
16->17:A
17->18:T
18->19:T
19->20:A
20->21:G
21->22:A
22->23:T
23->24:C
24->25:T
25->26:T
26->27:A
27->28:A
28->29:T
29->30:T
30->31:A
31->32:C
32->33:C
33->34:C
34->35:T
35->36:C
36->37:C
37->38:A
38->39:G
39->40:C
40->41:A
41->42:A
42->43:G
43->44:A
44->45:C
45->46:T
46->47:C
47->48:T
48->49:G
49->50:T
50->51:C
51->52:T
52->53:T
53->54:C
54->55:T
55->56:T
56->57:A
57->58:G
58->59:G
59->60:A
60->61:C
61->62:C
62->63:G
63->64:T
64->65:A
65->66:G
66->67:G
67->68:C
68->69:T
69->70:A
70->71:A
72->1155:A
72->246:C
72->73:G
72->948:T
73->74:A
73->1104:G
73->1040:T
74->75:T
75->76:G
76->77:G
77->78:C
78->79:T
79->80:G
80->81:G
81->82:C
82->83:T
83->84:A
84->85:A
85->86:G
86->87:T
87->88:A
88->89:A
89->90:G
90->91:A
91->92:A
92->93:T
93->94:A
94->95:A
95->96:A
96->97:C
97->98:A
98->99:C
99->100:G
100->101:T
101->102:C
102->103:G
103->104:G
104->105:T
105->106:C
106->107:A
107->108:G
108->109:G
109->110:G
110->111:T
111->112:A
112->113:A
113->114:T
114->115:A
115->116:A
116->117:T
117->118:A
118->119:T
119->120:G
120->121:C
121->122:T
122->123:G
123->124:C
124->125:G
125->126:A
127->270:A
127->928:C
127->128:G
127->224:T
128->1386:A
128->129:C
128->139:T
129->130:G
130->131:T
131->132:C
132->133:G
133->134:A
134->135:A
135->136:G
136->137:A
137->138:G
139->140:A
139->1009:G
139->836:T
140->141:G
141->142:G
142->143:A
143->144:G
144->145:G
145->146:G
146->147:G
147->148:T
148->149:C
149->150:G
150->151:G
151->152:C
152->153:A
153->154:G
154->155:C
155->156:C
156->157:T
157->158:T
158->159:G
159->160:G
160->161:C
161->162:C
162->163:G
163->164:A
164->165:C
165->166:A
166->167:T
167->168:A
168->169:T
169->170:C
170->171:T
171->172:A
172->173:C
173->174:C
174->175:G
175->176:C
176->177:G
177->178:G
178->179:T
179->180:G
180->181:G
181->182:A
182->183:C
183->184:G
184->185:G
185->186:A
186->187:A
187->188:T
188->189:T
189->190:C
190->191:T
191->192:T
192->193:C
193->194:C
194->195:C
195->196:A
196->197:A
197->198:A
198->199:T
199->200:T
200->201:C
201->202:T
202->203:C
203->204:C
204->205:T
205->206:C
206->207:T
207->208:C
208->209:A
209->210:A
210->211:A
211->212:G
212->213:A
213->214:C
214->215:G
215->216:C
216->217:T
217->218:G
218->219:C
219->220:A
220->221:A
221->222:C
222->223:T
224->1274:A
224->1124:C
224->225:G
224->1851:T
225->226:C
226->227:T
227->228:T
228->229:T
229->230:C
230->231:G
231->232:A
232->233:C
233->234:A
234->235:A
235->236:C
236->237:A
237->238:A
238->239:G
239->240:A
240->241:C
241->242:T
242->243:G
243->244:A
244->245:A
246->711:A
246->247:C
246->676:G
247->248:G
248->249:G
249->250:C
250->251:A
251->252:T
252->253:C
253->254:G
254->255:G
255->256:A
256->257:A
257->258:C
258->259:C
259->260:G
260->261:T
261->262:A
262->263:G
263->264:G
264->265:C
265->266:T
266->267:C
267->268:A
268->269:C
270->1876:A
270->271:G
270->573:T
271->523:A
271->272:C
272->273:T
273->274:G
274->275:G
275->276:G
276->277:G
277->278:A
278->279:C
279->280:T
280->281:T
281->282:C
282->283:C
283->284:G
284->285:C
285->286:T
286->287:T
287->288:G
288->289:A
289->290:A
290->291:A
291->292:G
292->293:C
293->294:C
294->295:C
295->296:G
296->297:G
297->298:T
298->299:G
299->300:T
300->301:A
301->302:A
302->303:C
303->304:G
304->305:A
305->306:G
306->307:G
307->308:C
308->309:C
309->310:C
310->311:G
311->312:C
312->313:G
313->314:G
314->315:A
315->316:T
316->317:C
317->318:T
318->319:G
319->320:T
320->321:G
322->428:A
322->323:C
322->1058:G
322->1776:T
323->1583:A
323->878:C
323->324:T
324->325:C
325->326:G
326->327:C
327->328:T
328->329:C
329->330:T
330->331:C
331->332:A
332->333:A
333->334:T
334->335:G
335->336:A
336->337:A
337->338:C
338->339:T
339->340:G
340->341:C
341->342:T
342->343:A
343->344:C
344->345:G
345->346:C
346->347:A
347->348:A
348->349:T
349->350:C
350->351:T
351->352:A
352->353:T
353->354:A
354->355:T
355->356:T
356->357:A
357->358:T
358->359:C
359->360:A
360->361:C
361->362:T
362->363:C
363->364:G
364->365:A
365->366:A
366->367:T
367->368:A
368->369:A
369->370:A
370->371:T
371->372:C
372->373:A
373->374:A
374->375:A
375->376:T
376->377:T
377->378:A
378->379:A
379->380:A
380->381:C
381->382:A
382->383:A
383->384:T
384->385:G
385->386:T
386->387:G
387->388:A
388->389:C
389->390:G
390->391:T
391->392:C
392->393:T
393->394:A
394->395:A
395->396:T
396->397:T
397->398:T
398->399:G
399->400:C
400->401:G
401->402:T
402->403:G
403->404:C
404->405:G
405->406:A
406->407:T
407->408:T
408->409:T
409->410:C
410->411:A
411->412:T
412->413:C
413->414:C
414->415:C
415->416:A
416->417:C
417->418:C
418->419:A
419->420:T
421->1059:C
421->422:T
422->628:C
422->423:T
423->424:C
424->425:T
425->426:A
426->427:G
428->1179:A
428->1347:C
428->429:G
429->1703:C
429->430:T
430->431:T
431->432:G
432->433:A
433->434:T
434->435:A
435->436:A
436->437:A
437->438:C
438->439:C
439->440:G
440->441:T
441->442:A
442->443:A
443->444:C
444->445:T
445->446:C
446->447:A
447->448:T
448->449:A
449->450:T
450->451:C
451->452:C
452->453:C
453->454:A
454->455:T
455->456:G
456->457:G
457->458:A
458->459:C
459->460:C
460->461:G
461->462:C
462->463:G
463->464:T
464->465:C
465->466:G
466->467:G
467->468:T
468->469:A
469->470:C
470->471:T
471->472:G
472->473:T
473->474:C
474->475:C
475->476:A
476->477:C
477->478:T
478->479:T
479->480:T
480->481:A
481->482:T
482->483:G
483->484:C
484->485:A
485->486:A
486->487:C
487->488:C
488->489:C
489->490:G
490->491:T
491->492:G
492->493:A
493->494:G
494->495:C
495->496:A
496->497:A
497->498:T
498->499:A
499->500:G
500->501:G
501->502:A
502->503:T
503->504:G
504->505:T
505->506:C
506->507:G
507->508:G
508->509:T
509->510:C
510->511:A
511->512:A
512->513:C
513->514:G
514->515:C
515->516:G
516->517:C
517->518:A
518->519:T
519->520:T
520->521:C
521->522:A
523->524:T
524->525:T
525->526:C
526->527:A
527->528:G
528->529:C
529->530:A
530->531:G
531->532:A
532->533:G
533->534:A
534->535:A
535->536:A
536->537:C
537->538:C
538->539:A
539->540:A
540->541:T
541->542:G
542->543:T
543->544:G
544->545:G
545->546:A
546->547:C
547->548:C
548->549:G
549->550:T
550->551:T
551->552:G
552->553:T
553->554:A
554->555:T
555->556:C
556->557:C
557->558:G
558->559:T
559->560:G
560->561:A
561->562:T
562->563:T
563->564:G
564->565:A
565->566:A
566->567:C
567->568:A
568->569:A
569->570:A
570->571:G
571->572:T
573->574:G
574->1045:C
574->575:G
575->576:T
576->577:C
577->578:G
578->579:A
579->580:C
580->581:T
581->582:A
582->583:T
583->584:A
584->585:C
585->586:A
586->587:G
587->588:G
588->589:T
589->590:T
590->591:C
591->592:A
592->593:C
593->594:T
594->595:C
595->596:G
596->597:T
597->598:T
598->599:G
599->600:A
600->601:A
601->602:T
602->603:C
603->604:C
604->605:T
605->606:A
606->607:T
607->608:G
608->609:T
609->610:A
610->611:T
611->612:C
612->613:T
613->614:T
614->615:C
615->616:A
616->617:A
617->618:C
618->619:G
619->620:C
620->621:G
621->622:T
622->623:G
623->624:G
624->625:T
625->626:G
626->627:G
628->629:C
629->630:T
630->631:T
631->632:T
632->633:A
633->634:G
634->635:T
635->636:G
636->637:T
637->638:T
638->639:G
639->640:G
640->641:G
641->642:T
642->643:T
643->644:A
644->645:T
645->646:G
646->647:G
647->648:G
648->649:G
649->650:C
650->651:G
651->652:G
652->653:T
653->654:C
654->655:T
655->656:A
656->657:A
657->658:A
658->659:C
659->660:A
660->661:C
661->662:C
662->663:A
663->664:T
664->665:C
665->666:A
666->667:C
667->668:T
668->669:T
669->670:G
670->671:T
671->672:A
672->673:T
673->674:G
674->675:T
676->677:A
677->678:G
678->679:C
679->680:T
680->681:C
681->682:C
682->683:A
683->684:G
684->685:A
685->686:T
686->687:A
687->688:T
688->689:T
689->690:T
690->691:T
691->692:G
692->693:G
693->694:G
694->695:G
695->696:C
696->697:G
697->698:C
698->699:G
699->700:T
700->701:T
701->702:G
702->703:G
703->704:T
704->705:A
705->706:T
706->707:C
707->708:T
708->709:T
709->710:C
711->712:A
712->713:T
713->714:A
714->715:A
715->716:C
716->717:G
717->718:C
718->719:C
719->720:G
720->721:T
721->722:C
722->723:A
723->724:G
724->725:A
725->726:C
726->727:C
727->728:C
728->729:A
729->730:G
730->731:G
731->732:T
732->733:C
733->734:T
734->735:T
735->736:C
736->737:C
737->738:T
738->739:G
739->740:C
740->741:G
741->742:G
742->743:A
743->744:G
744->745:C
745->746:A
746->747:A
747->748:A
748->749:T
749->750:A
750->751:C
751->752:C
752->753:C
753->754:T
754->755:T
755->756:A
756->757:T
757->758:A
758->759:G
759->760:T
761->762:C
762->763:G
763->764:A
764->765:C
765->766:A
766->767:T
767->768:G
768->769:C
769->770:T
770->771:G
771->772:A
772->773:G
773->774:G
774->775:T
775->776:T
776->777:C
777->778:G
778->779:T
779->780:C
780->781:G
781->782:C
782->783:A
783->784:C
784->785:G
785->786:T
786->787:T
787->788:T
788->789:G
789->790:T
790->791:C
791->792:T
792->793:C
793->794:G
794->795:C
795->796:G
796->797:T
797->798:A
798->799:C
799->800:A
800->801:G
801->802:T
802->803:A
803->804:T
804->805:A
805->806:A
806->807:T
807->808:A
808->809:G
809->810:C
810->811:C
811->812:C
812->813:T
813->814:C
814->815:C
815->816:C
816->817:T
817->818:T
818->819:C
819->820:T
820->821:G
821->822:A
822->823:T
823->824:G
824->825:T
825->826:G
826->827:C
827->828:G
828->829:A
829->830:T
830->831:T
831->832:T
832->833:G
833->834:T
834->835:C
836->837:T
837->838:C
838->839:C
839->840:T
840->841:T
841->842:G
842->843:G
843->844:C
844->845:A
845->846:C
846->847:G
847->848:G
848->849:G
849->850:C
850->851:T
851->852:A
852->853:A
853->854:T
854->855:T
855->856:G
856->857:T
857->858:C
858->859:G
859->860:A
860->861:A
861->862:G
862->863:G
863->864:C
864->865:C
865->866:C
866->867:G
867->868:G
868->869:A
869->870:A
870->871:A
871->872:G
872->873:C
873->874:A
874->875:C
875->876:A
876->877:A
878->879:T
879->880:A
880->881:C
881->882:A
882->883:C
883->884:A
884->885:C
885->886:T
886->887:T
887->888:T
888->889:T
889->890:T
890->891:T
891->892:C
892->893:T
893->894:G
894->895:T
895->896:C
896->897:G
897->898:C
898->899:A
899->900:G
900->901:C
901->902:A
902->903:C
903->904:C
904->905:C
905->906:T
906->907:C
907->908:G
908->909:G
909->910:G
910->911:G
911->912:C
912->913:G
913->914:T
914->915:G
915->916:T
916->917:C
917->918:G
918->919:C
919->920:G
920->921:G
921->922:G
922->923:C
923->924:G
924->925:C
925->926:C
926->927:A
928->1041:C
928->929:G
928->1858:T
929->930:C
930->931:G
931->932:C
932->933:T
933->934:C
934->935:T
935->936:G
936->937:T
937->938:C
938->939:T
939->940:A
940->941:T
941->942:C
942->943:A
943->944:T
944->945:T
945->946:T
946->947:T
948->1440:G
948->949:T
949->950:C
950->951:T
951->952:G
952->953:C
953->954:T
954->955:T
955->956:G
956->957:G
957->958:T
958->959:T
959->960:T
960->961:C
961->962:T
962->963:T
963->964:G
964->965:T
965->966:T
966->967:C
967->968:A
968->969:G
969->970:T
970->971:G
971->972:C
972->973:G
973->974:A
974->975:A
975->976:T
976->977:T
977->978:A
978->979:C
979->980:C
980->981:T
981->982:A
982->983:T
983->984:T
984->985:A
985->986:G
986->987:C
988->989:C
989->990:T
990->991:G
991->992:C
992->993:G
993->994:C
994->995:T
995->996:T
996->997:G
997->998:C
998->999:A
999->1000:A
1000->1001:C
1001->1002:A
1002->1003:G
1003->1004:T
1004->1005:C
1005->1006:C
1006->1007:C
1007->1008:G
1009->1010:C
1010->1011:T
1011->1012:G
1012->1013:A
1013->1014:A
1014->1015:T
1015->1016:T
1016->1017:C
1017->1018:G
1018->1019:C
1019->1020:C
1020->1021:G
1021->1022:G
1022->1023:A
1023->1024:T
1024->1025:G
1025->1026:A
1026->1027:C
1027->1028:C
1028->1029:C
1029->1030:G
1030->1031:G
1031->1032:G
1032->1033:A
1033->1034:G
1034->1035:A
1035->1036:C
1036->1037:T
1037->1038:C
1038->1039:G
1041->1042:G
1041->1212:T
1042->1043:A
1043->1044:G
1045->1046:T
1046->1047:C
1047->1048:T
1048->1049:T
1049->1050:T
1050->1051:A
1051->1052:G
1052->1053:A
1053->1054:A
1054->1055:A
1055->1056:A
1056->1057:G
1059->1060:A
1059->1578:G
1060->1061:G
1061->1062:C
1062->1063:G
1063->1064:T
1064->1065:T
1065->1066:T
1066->1067:T
1067->1068:A
1068->1069:A
1069->1070:C
1070->1071:A
1071->1072:A
1072->1073:A
1073->1074:C
1074->1075:A
1075->1076:A
1076->1077:A
1077->1078:C
1078->1079:C
1079->1080:G
1080->1081:G
1081->1082:T
1082->1083:T
1083->1084:G
1084->1085:T
1085->1086:A
1086->1087:T
1087->1088:A
1088->1089:G
1089->1090:C
1090->1091:G
1091->1092:G
1092->1093:T
1093->1094:A
1095->1096:A
1096->1097:G
1097->1098:A
1098->1099:A
1099->1100:A
1100->1101:G
1101->1102:A
1102->1103:G
1104->1598:C
1104->1105:G
1105->1106:C
1106->1107:A
1107->1108:T
1108->1109:C
1109->1110:G
1110->1111:A
1111->1112:C
1112->1113:A
1113->1114:C
1114->1115:T
1115->1116:G
1116->1117:T
1117->1118:G
1118->1119:C
1119->1120:T
1120->1121:C
1121->1122:G
1122->1123:G
1124->1125:T
1125->1126:G
1126->1127:T
1127->1128:G
1128->1129:A
1129->1130:A
1130->1131:A
1131->1132:A
1132->1133:A
1133->1134:G
1134->1135:T
1135->1136:T
1136->1137:C
1137->1138:C
1138->1139:T
1139->1140:T
1140->1141:A
1141->1142:G
1142->1143:C
1143->1144:C
1144->1145:C
1145->1146:G
1146->1147:A
1147->1148:G
1148->1149:C
1149->1150:G
1150->1151:T
1151->1152:A
1152->1153:A
1153->1154:A
1155->1156:A
1155->1972:T
1156->1157:C
1156->2062:G
1157->1158:A
1158->1159:T
1159->1160:C
1160->1161:A
1161->1162:A
1162->1163:C
1163->1164:G
1164->1165:T
1165->1166:C
1166->1167:T
1167->1168:C
1168->1169:G
1169->1170:C
1170->1171:A
1171->1172:C
1172->1173:G
1173->1174:G
1174->1175:T
1175->1176:A
1176->1177:A
1177->1178:C
1179->1180:T
1180->1181:C
1181->1182:C
1182->1183:G
1183->1184:G
1184->1185:T
1185->1186:T
1186->1187:T
1187->1188:A
1188->1189:A
1189->1190:A
1190->1191:C
1191->1192:C
1192->1193:G
1193->1194:T
1194->1195:G
1195->1196:G
1196->1197:A
1197->1198:T
1198->1199:C
1199->1200:T
1200->1201:A
1201->1202:A
1202->1203:C
1203->1204:A
1204->1205:T
1205->1206:T
1206->1207:A
1207->1208:T
1208->1209:T
1209->1210:A
1210->1211:A
1212->1645:A
1212->1213:G
1213->1214:T
1214->1215:T
1215->1216:A
1216->1217:T
1217->1218:A
1218->1219:C
1219->1220:G
1220->1221:A
1221->1222:T
1222->1223:C
1223->1224:C
1224->1225:T
1225->1226:T
1226->1227:T
1227->1228:T
1228->1229:C
1229->1230:C
1230->1231:A
1231->1232:C
1232->1233:T
1233->1234:G
1234->1235:G
1235->1236:C
1236->1237:C
1237->1238:G
1238->1239:C
1239->1240:A
1240->1241:T
1241->1242:C
1242->1243:G
1243->1244:A
1244->1245:G
1245->1246:A
1247->1248:G
1248->1249:G
1249->1250:C
1250->1251:A
1251->1252:A
1252->1253:C
1253->1254:T
1254->1255:C
1255->1256:T
1256->1257:G
1257->1258:A
1258->1259:G
1259->1260:C
1260->1261:C
1261->1262:C
1262->1263:G
1263->1264:G
1264->1265:C
1265->1266:A
1266->1267:G
1267->1268:T
1268->1269:T
1269->1270:A
1270->1271:A
1271->1272:C
1272->1273:A
1274->1763:A
1274->1275:G
1275->1276:G
1276->1277:A
1277->1278:T
1278->1279:T
1279->1280:C
1280->1281:A
1281->1282:T
1282->1283:G
1283->1284:T
1284->1285:A
1285->1286:G
1286->1287:G
1287->1288:A
1288->1289:A
1289->1290:A
1290->1291:G
1291->1292:C
1292->1293:G
1293->1294:A
1294->1295:G
1295->1296:T
1296->1297:C
1297->1298:C
1298->1299:C
1299->1300:G
1300->1301:G
1301->1302:G
1302->1303:G
1303->1304:G
1304->1305:T
1305->1306:G
1306->1307:C
1307->1308:C
1308->1309:A
1309->1310:G
1310->1311:A
1311->1312:T
1312->1313:T
1313->1314:C
1314->1315:C
1315->1316:C
1316->1317:G
1317->1318:G
1318->1319:T
1319->1320:T
1320->1321:G
1321->1322:T
1322->1323:T
1323->1324:C
1324->1325:A
1325->1326:T
1326->1327:T
1327->1328:T
1328->1329:T
1329->1330:A
1330->1331:A
1331->1332:A
1332->1333:T
1333->1334:A
1334->1335:T
1335->1336:G
1336->1337:A
1337->1338:C
1338->1339:G
1339->1340:A
1340->1341:G
1341->1342:T
1342->1343:G
1343->1344:A
1344->1345:A
1345->1346:A
1347->1348:A
1348->1349:T
1349->1350:T
1350->1351:G
1351->1352:G
1352->1353:C
1353->1354:G
1354->1355:A
1355->1356:C
1356->1357:G
1357->1358:A
1358->1359:G
1359->1360:G
1360->1361:T
1361->1362:C
1362->1363:T
1363->1364:T
1364->1365:C
1365->1366:C
1366->1367:T
1367->1368:T
1368->1369:A
1369->1370:T
1370->1371:T
1371->1372:C
1372->1373:T
1373->1374:A
1374->1375:C
1375->1376:A
1376->1377:G
1377->1378:A
1378->1379:T
1379->1380:C
1380->1381:G
1381->1382:C
1382->1383:C
1383->1384:G
1384->1385:T
1386->1514:A
1386->1387:G
1387->1388:G
1388->1389:G
1389->1390:G
1390->1391:C
1391->1392:A
1392->1393:G
1393->1394:G
1394->1395:C
1395->1396:C
1396->1397:A
1397->1398:T
1398->1399:A
1399->1400:C
1400->1401:C
1401->1402:T
1402->1403:G
1403->1404:G
1404->1405:C
1405->1406:T
1406->1407:C
1407->1408:C
1408->1409:C
1409->1410:A
1410->1411:G
1411->1412:A
1412->1413:G
1413->1414:G
1414->1415:A
1415->1416:T
1416->1417:C
1417->1418:T
1418->1419:T
1419->1420:C
1420->1421:T
1421->1422:G
1422->1423:T
1423->1424:A
1424->1425:G
1425->1426:C
1426->1427:G
1427->1428:A
1428->1429:C
1429->1430:A
1430->1431:T
1431->1432:G
1432->1433:T
1433->1434:C
1434->1435:A
1435->1436:A
1436->1437:A
1437->1438:G
1438->1439:C
1440->1441:A
1441->1442:G
1442->1443:C
1443->1444:A
1444->1445:A
1445->1446:T
1446->1447:T
1447->1448:T
1448->1449:A
1449->1450:T
1450->1451:G
1451->1452:T
1452->1453:G
1453->1454:G
1454->1455:G
1455->1456:G
1456->1457:C
1457->1458:A
1458->1459:G
1459->1460:C
1460->1461:A
1461->1462:T
1462->1463:C
1463->1464:G
1464->1465:G
1465->1466:G
1466->1467:T
1467->1468:T
1468->1469:C
1469->1470:A
1470->1471:G
1471->1472:C
1472->1473:T
1473->1474:G
1474->1475:G
1475->1476:G
1476->1477:A
1477->1478:A
1478->1479:C
1479->1480:A
1480->1481:G
1481->1482:T
1482->1483:G
1483->1484:G
1484->1485:G
1485->1486:C
1486->1487:G
1487->1488:C
1488->1489:A
1489->1490:T
1490->1491:C
1491->1492:G
1492->1493:T
1493->1494:C
1494->1495:A
1495->1496:G
1496->1497:A
1497->1498:G
1498->1499:T
1499->1500:A
1500->1501:A
1501->1502:G
1502->1503:T
1503->1504:G
1504->1505:G
1505->1506:G
1506->1507:T
1507->1508:G
1508->1509:G
1509->1510:C
1510->1511:G
1511->1512:G
1514->1515:A
1515->1516:A
1516->1517:A
1517->1518:C
1518->1519:A
1519->1520:G
1520->1521:G
1521->1522:C
1522->1523:A
1523->1524:A
1524->1525:A
1525->1526:T
1526->1527:T
1527->1528:G
1528->1529:T
1529->1530:T
1530->1531:C
1531->1532:C
1532->1533:C
1533->1534:T
1534->1535:T
1535->1536:G
1536->1537:A
1537->1538:C
1538->1539:G
1539->1540:C
1540->1541:G
1541->1542:A
1542->1543:A
1543->1544:G
1544->1545:C
1545->1546:C
1546->1547:T
1547->1548:C
1548->1549:A
1549->1550:A
1550->1551:G
1551->1552:G
1552->1553:T
1553->1554:T
1554->1555:T
1555->1556:T
1556->1557:T
1557->1558:C
1558->1559:G
1559->1560:C
1560->1561:C
1561->1562:A
1562->1563:A
1563->1564:A
1564->1565:G
1565->1566:C
1566->1567:G
1567->1568:C
1568->1569:G
1569->1570:T
1570->1571:T
1571->1572:A
1572->1573:C
1573->1574:C
1574->1575:G
1575->1576:G
1576->1577:C
1578->1579:T
1579->1580:A
1580->1581:C
1581->1582:C
1583->1584:G
1584->1585:C
1585->1586:T
1586->1587:A
1587->1588:T
1588->1589:G
1589->1590:C
1590->1591:C
1591->1592:G
1592->1593:G
1593->1594:C
1594->1595:A
1595->1596:T
1596->1597:C
1598->1599:A
1599->1600:T
1600->1601:G
1601->1602:G
1602->1603:G
1603->1604:G
1604->1605:C
1605->1606:G
1606->1607:T
1607->1608:A
1608->1609:C
1609->1610:C
1610->1611:A
1611->1612:A
1612->1613:A
1613->1614:G
1614->1615:A
1615->1616:T
1616->1617:C
1617->1618:T
1618->1619:C
1619->1620:C
1620->1621:C
1621->1622:C
1622->1623:G
1623->1624:A
1624->1625:G
1625->1626:G
1626->1627:G
1627->1628:C
1628->1629:G
1629->1630:C
1630->1631:A
1631->1632:T
1632->1633:G
1633->1634:C
1634->1635:A
1635->1636:T
1636->1637:C
1637->1638:C
1638->1639:T
1639->1640:C
1640->1641:A
1641->1642:G
1642->1643:A
1643->1644:C
1645->1646:C
1646->1647:C
1647->1648:G
1648->1649:T
1649->1650:G
1650->1651:C
1651->1652:C
1652->1653:A
1653->1654:T
1654->1655:T
1655->1656:C
1656->1657:C
1657->1658:G
1658->1659:G
1659->1660:A
1660->1661:T
1661->1662:T
1662->1663:T
1663->1664:C
1664->1665:A
1665->1666:T
1666->1667:C
1667->1668:T
1668->1669:T
1669->1670:G
1670->1671:A
1671->1672:A
1672->1673:C
1673->1674:A
1674->1675:T
1675->1676:C
1676->1677:C
1677->1678:G
1678->1679:A
1679->1680:G
1680->1681:A
1681->1682:T
1682->1683:C
1683->1684:G
1684->1685:T
1685->1686:G
1686->1687:T
1687->1688:G
1688->1689:C
1689->1690:C
1690->1691:G
1691->1692:G
1692->1693:A
1693->1694:T
1694->1695:G
1695->1696:C
1696->1697:A
1697->1698:T
1698->1699:T
1699->1700:T
1700->1701:A
1701->1702:G
1703->1704:T
1704->1705:C
1705->1706:A
1706->1707:G
1707->1708:A
1708->1709:C
1709->1710:G
1710->1711:T
1711->1712:A
1712->1713:T
1713->1714:T
1714->1715:C
1715->1716:T
1716->1717:A
1717->1718:T
1718->1719:T
1719->1720:A
1720->1721:A
1721->1722:C
1722->1723:A
1723->1724:A
1724->1725:A
1725->1726:G
1726->1727:C
1727->1728:T
1728->1729:T
1729->1730:G
1730->1731:A
1731->1732:T
1732->1733:A
1733->1734:C
1734->1735:C
1735->1736:T
1736->1737:A
1737->1738:T
1738->1739:T
1739->1740:G
1740->1741:T
1741->1742:A
1742->1743:A
1743->1744:T
1744->1745:T
1745->1746:C
1746->1747:T
1747->1748:T
1748->1749:A
1749->1750:T
1750->1751:C
1751->1752:A
1752->1753:T
1753->1754:A
1754->1755:T
1755->1756:T
1756->1757:T
1757->1758:C
1758->1759:T
1759->1760:T
1760->1761:A
1761->1762:G
1763->1764:T
1764->1765:A
1765->1766:C
1766->1767:T
1767->1768:C
1768->1769:A
1769->1770:T
1770->1771:G
1771->1772:A
1772->1773:T
1773->1774:A
1774->1775:G
1776->1777:G
1777->1778:T
1778->1779:C
1779->1780:G
1780->1781:C
1781->1782:A
1782->1783:G
1783->1784:A
1784->1785:A
1785->1786:A
1786->1787:T
1787->1788:A
1788->1789:C
1789->1790:G
1790->1791:G
1791->1792:G
1792->1793:A
1793->1794:G
1794->1795:G
1795->1796:A
1796->1797:G
1797->1798:C
1798->1799:C
1799->1800:A
1800->1801:T
1801->1802:C
1802->1803:A
1803->1804:G
1804->1805:C
1805->1806:A
1806->1807:G
1807->1808:T
1808->1809:T
1809->1810:A
1810->1811:T
1811->1812:G
1812->1813:G
1813->1814:C
1814->1815:A
1815->1816:G
1816->1817:A
1817->1818:T
1818->1819:A
1819->1820:A
1820->1821:T
1821->1822:C
1822->1823:G
1823->1824:G
1824->1825:T
1825->1826:G
1826->1827:A
1827->1828:T
1828->1829:T
1829->1830:G
1830->1831:T
1831->1832:T
1832->1833:C
1833->1834:C
1834->1835:A
1835->1836:G
1836->1837:G
1837->1838:G
1838->1839:C
1839->1840:G
1840->1841:T
1841->1842:G
1842->1843:T
1843->1844:G
1844->1845:A
1845->1846:G
1846->1847:C
1847->1848:A
1848->1849:C
1849->1850:G
1851->1852:T
1852->1853:T
1853->1854:A
1854->1855:G
1855->1856:C
1856->1857:G
1858->1859:G
1859->1860:C
1860->1861:T
1861->1862:T
1862->1863:T
1863->1864:A
1864->1865:G
1865->1866:A
1866->1867:G
1867->1868:T
1868->1869:A
1869->1870:A
1870->1871:G
1871->1872:G
1872->1873:A
1873->1874:C
1874->1875:C
1876->1877:A
1877->1878:G
1878->1879:C
1879->1880:T
1880->1881:G
1881->1882:T
1882->1883:G
1883->1884:T
1884->1885:A
1885->1886:G
1886->1887:G
1887->1888:G
1888->1889:A
1889->1890:G
1890->1891:T
1891->1892:T
1892->1893:G
1893->1894:A
1894->1895:C
1895->1896:A
1896->1897:T
1897->1898:G
1898->1899:A
1899->1900:C
1900->1901:T
1901->1902:T
1902->1903:A
1903->1904:T
1904->1905:G
1905->1906:T
1906->1907:G
1907->1908:A
1908->1909:A
1909->1910:A
1910->1911:T
1911->1912:C
1912->1913:A
1913->1914:G
1914->1915:G
1915->1916:C
1916->1917:G
1917->1918:A
1918->1919:G
1919->1920:C
1920->1921:A
1921->1922:C
1922->1923:A
1923->1924:A
1924->1925:C
1925->1926:T
1926->1927:A
1927->1928:C
1928->1929:T
1929->1930:A
1930->1931:A
1931->1932:A
1932->1933:C
1933->1934:C
1934->1935:G
1935->1936:C
1936->1937:T
1937->1938:C
1938->1939:G
1939->1940:T
1940->1941:A
1941->1942:A
1942->1943:C
1943->1944:G
1944->1945:G
1945->1946:T
1946->1947:G
1947->1948:A
1948->1949:C
1949->1950:A
1950->1951:C
1951->1952:G
1952->1953:A
1953->1954:G
1954->1955:C
1955->1956:G
1956->1957:T
1957->1958:A
1958->1959:G
1959->1960:T
1960->1961:T
1961->1962:C
1962->1963:A
1963->1964:G
1964->1965:T
1965->1966:C
1966->1967:C
1967->1968:C
1968->1969:A
1969->1970:G
1970->1971:A
1972->1973:C
1973->1974:G
1974->1975:A
1975->1976:G
1976->1977:G
1977->1978:C
1978->1979:G
1979->1980:C
1980->1981:T
1981->1982:T
1982->1983:T
1983->1984:T
1984->1985:G
1985->1986:G
1986->1987:G
1987->1988:G
1988->1989:A
1989->1990:A
1990->1991:G
1991->1992:A
1992->1993:A
1993->1994:G
1994->1995:T
1995->1996:A
1996->1997:G
1997->1998:C
1998->1999:T
1999->2000:G
2000->2001:C
2001->2002:T
2002->2003:T
2003->2004:T
2004->2005:T
2005->2006:T
2006->2007:T
2007->2008:A
2008->2009:T
2009->2010:A
2010->2011:G
2011->2012:G
2012->2013:C
2013->2014:A
2014->2015:A
2015->2016:G
2016->2017:T
2017->2018:A
2018->2019:G
2019->2020:C
2020->2021:A
2021->2022:T
2022->2023:C
2023->2024:T
2024->2025:A
2025->2026:A
2026->2027:C
2027->2028:C
2028->2029:G
2029->2030:A
2030->2031:G
2031->2032:C
2032->2033:G
2033->2034:A
2034->2035:T
2035->2036:A
2036->2037:G
2037->2038:C
2038->2039:T
2039->2040:G
2040->2041:T
2041->2042:A
2042->2043:G
2043->2044:T
2044->2045:T
2045->2046:A
2046->2047:T
2047->2048:T
2048->2049:T
2049->2050:T
2050->2051:A
2051->2052:A
2052->2053:G
2053->2054:C
2054->2055:T
2055->2056:A
2056->2057:G
2057->2058:T
2058->2059:A
2059->2060:C
2060->2061:C
2062->2063:C
2063->2064:A
2064->2065:G
2065->2066:A
2066->2067:G
2067->2068:G
2068->2069:A
2069->2070:G
2070->2071:C
2071->2072:T
2072->2073:C
2073->2074:A
2074->2075:T
2075->2076:A
2076->2077:C
2077->2078:C
2078->2079:A
2079->2080:T
2080->2081:G
2081->2082:T
2082->2083:G
2083->2084:G
2084->2085:G
2085->2086:C
2086->2087:G
2087->2088:G
2088->2089:T
2089->2090:C
2090->2091:A
2091->2092:C
2092->2093:A
2093->2094:A
2094->2095:C
2095->2096:C
2096->2097:T
2097->2098:T
2098->2099:A
2099->2100:G
2100->2101:T
2101->2102:A
2102->2103:T
2103->2104:C
2104->2105:G
2105->2106:T
2106->2107:G
2107->2108:C
2108->2109:C
2109->2110:C
2110->2111:A
2111->2112:T
2112->2113:A
